~/dev/ClassROTPointerAuth $ swift build --use-integrated-swift-driver --experimental-explicit-module-build
Building for debugging...
[67/67] Linking ClassROTPointerAuth
Build complete! (13.57s)

~/dev/ClassROTPointerAuth $ sed -ie 's/a882210179c41e8193bef36f9ef41bc245d2d0b0d1db5dcb833f8bcf164df4fa/20306afde488b50a0d5da96c5d1db469db2b1c0bea812fcbedeed3407295ab41/g' lldbinit

~/dev/ClassROTPointerAuth $ sed -ie 's/$UNZIP_DIR/\/Users\/ivhernandez13\/dev\/ClassROTPointerAuth/g' lldbinit

~/dev/ClassROTPointerAuth $ lldb --source ./lldbinit
(lldb) command source -s 0 './lldbinit'
Executing commands in '/Users/ivhernandez13/dev/ClassROTPointerAuth/lldbinit'.
(lldb) settings set -- target.swift-extra-clang-flags -working-directory /Users/ivhernandez13/dev/ClassROTPointerAuth -fno-implicit-modules -fno-implicit-module-maps -fmodule-file=ImageIO=.build/x86_64-apple-macosx/debug/ModuleCache/ImageIO-20306afde488b50a0d5da96c5d1db469db2b1c0bea812fcbedeed3407295ab41.pcm -fmodule-map-file=/Applications/Xcode.app/Contents/Developer/Platforms/MacOSX.platform/Developer/SDKs/MacOSX.sdk/System/Library/Frameworks/ImageIO.framework/Modules/module.modulemap -fmodule-file=SwiftUI=.build/x86_64-apple-macosx/debug/ModuleCache/SwiftUI-20306afde488b50a0d5da96c5d1db469db2b1c0bea812fcbedeed3407295ab41.pcm -fmodule-map-file=/Applications/Xcode.app/Contents/Developer/Platforms/MacOSX.platform/Developer/SDKs/MacOSX.sdk/System/Library/Frameworks/SwiftUI.framework/Modules/module.modulemap -fmodule-file=Dispatch=.build/x86_64-apple-macosx/debug/ModuleCache/Dispatch-20306afde488b50a0d5da96c5d1db469db2b1c0bea812fcbedeed3407295ab41.pcm -fmodule-map-file=/Applications/Xcode.app/Contents/Developer/Platforms/MacOSX.platform/Developer/SDKs/MacOSX.sdk/usr/include/dispatch/module.modulemap -fmodule-file=Darwin=.build/x86_64-apple-macosx/debug/ModuleCache/Darwin-20306afde488b50a0d5da96c5d1db469db2b1c0bea812fcbedeed3407295ab41.pcm -fmodule-map-file=/Applications/Xcode.app/Contents/Developer/Platforms/MacOSX.platform/Developer/SDKs/MacOSX.sdk/usr/include/module.modulemap -fmodule-file=os=.build/x86_64-apple-macos-20306afde488b50a0d5da96c5d1db469db2b1c0bea812fcbedeed3407295ab41x/debug/ModuleCache/os-20306afde488b50a0d5da96c5d1db469db2b1c0bea812fcbedeed3407295ab41.pcm -fmodule-file=Accessibility=.build/x86_64-apple-macosx/debug/ModuleCache/Accessibility-20306afde488b50a0d5da96c5d1db469db2b1c0bea812fcbedeed3407295ab41.pcm -fmodule-map-file=/Applications/Xcode.app/Contents/Developer/Platforms/MacOSX.platform/Developer/SDKs/MacOSX.sdk/System/Library/Frameworks/Accessibility.framework/Modules/module.modulemap -fmodule-file=CoreText=.build/x86_64-apple-macosx/debug/ModuleCache/CoreText-20306afde488b50a0d5da96c5d1db469db2b1c0bea812fcbedeed3407295ab41.pcm -fmodule-map-file=/Applications/Xcode.app/Contents/Developer/Platforms/MacOSX.platform/Developer/SDKs/MacOSX.sdk/System/Library/Frameworks/CoreText.framework/Modules/module.modulemap -fmodule-file=UniformTypeIdentifiers=.build/x86_64-apple-macosx/debug/ModuleCache/UniformTypeIdentifiers-20306afde488b50a0d5da96c5d1db469db2b1c0bea812fcbedeed3407295ab41.pcm -fmodule-map-file=/Applications/Xcode.app/Contents/Developer/Platforms/MacOSX.platform/Developer/SDKs/MacOSX.sdk/System/Library/Frameworks/UniformTypeIdentifiers.framework/Modules/module.modulemap -fmodule-file=CoreFoundation=.build/x86_64-apple-macosx/debug/ModuleCache/CoreFoundation-20306afde488b50a0d5da96c5d1db469db2b1c0bea812fcbedeed3407295ab41.pcm -fmodule-map-file=/Applications/Xcode.app/Contents/Developer/Platforms/MacOSX.platform/Developer/SDKs/MacOSX.sdk/System/Library/Frameworks/CoreFoundation.framework/Modules/module.modulemap -fmodule-file=ObjectiveC=.build/x86_64-apple-macosx/debug/ModuleCache/ObjectiveC-20306afde488b50a0d5da96c5d1db469db2b1c0bea812fcbedeed3407295ab41.pcm -fmodule-map-file=/Applications/Xcode.app/Contents/Developer/Platforms/MacOSX.platform/Developer/SDKs/MacOSX.sdk/usr/include/objc/module.modulemap -fmodule-file=SwiftShims=.build/x86_64-apple-macosx/debug/ModuleCache/SwiftShims-20306afde488b50a0d5da96c5d1db469db2b1c0bea812fcbedeed3407295ab41.pcm -fmodule-map-file=/Applications/Xcode.app/Contents/Developer/Platforms/MacOSX.platform/Developer/SDKs/MacOSX.sdk/usr/lib/swift/shims/module.modulemap -fmodule-file=Security=.build/x86_64-apple-macosx/debug/ModuleCache/Security-20306afde488b50a0d5da96c5d1db469db2b1c0bea812fcbedeed3407295ab41.pcm -fmodule-map-file=/Applications/Xcode.app/Contents/Developer/Platforms/MacOSX.platform/Developer/SDKs/MacOSX.sdk/System/Library/Frameworks/Security.framework/Modules/module.modulemap -fmodule-file=CoreGraphics=.build/x86_64-apple-macosx/debug/ModuleCache/CoreGraphics-20306afde488b50a0d5da96c5d1db469db2b1c0bea812fcbedeed3407295ab41.pcm -fmodule-map-file=/Applications/Xcode.app/Contents/Developer/Platforms/MacOSX.platform/Developer/SDKs/MacOSX.sdk/System/Library/Frameworks/CoreGraphics.framework/Modules/module.modulemap -fmodule-file=_Builtin_stddef_max_align_t=.build/x86_64-apple-macosx/debug/ModuleCache/_Builtin_stddef_max_align_t-20306afde488b50a0d5da96c5d1db469db2b1c0bea812fcbedeed3407295ab41.pcm -fmodule-map-file=/Applications/Xcode.app/Contents/Developer/Toolchains/XcodeDefault.xctoolchain/usr/lib/swift/clang/include/module.modulemap -fmodule-file=DiskArbitration=.build/x86_64-apple-macosx/debug/ModuleCache/DiskArbitration-20306afde488b50a0d5da96c5d1db469db2b1c0bea812fcbedeed3407295ab41.pcm -fmodule-map-file=/Applications/Xcode.app/Contents/Developer/Platforms/MacOSX.platform/Developer/SDKs/MacOSX.sdk/System/Library/Frameworks/DiskArbitration.framework/Modules/module.modulemap -fmodule-file=os_object=.build/x86_64-apple-macosx/debug/ModuleCache/os_object-20306afde488b50a0d5da96c5d1db469db2b1c0bea812fcbedeed3407295ab41.pcm -fmodule-file=CoreServices=.build/x86_64-apple-macosx/debug/ModuleCache/CoreServices-20306afde488b50a0d5da96c5d1db469db2b1c0bea812fcbedeed3407295ab41.pcm -fmodule-map-file=/Applications/Xcode.app/Contents/Developer/Platforms/MacOSX.platform/Developer/SDKs/MacOSX.sdk/System/Library/Frameworks/CoreServices.framework/Modules/module.modulemap -fmodule-file=os_workgroup=.build/x86_64-apple-macosx/debug/ModuleCache/os_workgroup-20306afde488b50a0d5da96c5d1db469db2b1c0bea812fcbedeed3407295ab41.pcm -fmodule-file=XPC=.build/x86_64-apple-macosx/debug/ModuleCache/XPC-20306afde488b50a0d5da96c5d1db469db2b1c0bea812fcbedeed3407295ab41.pcm -fmodule-map-file=/Applications/Xcode.app/Contents/Developer/Platforms/MacOSX.platform/Developer/SDKs/MacOSX.sdk/usr/include/xpc/module.modulemap -fmodule-file=QuartzCore=.build/x86_64-apple-macosx/debug/ModuleCache/QuartzCore-20306afde488b50a0d5da96c5d1db469db2b1c0bea812fcbedeed3407295ab41.pcm -fmodule-map-file=/Applications/Xcode.app/Contents/Developer/Platforms/MacOSX.platform/Developer/SDKs/MacOSX.sdk/System/Library/Frameworks/QuartzCore.framework/Modules/module.modulemap -fmodule-file=Foundation=.build/x86_64-apple-macosx/debug/ModuleCache/Foundation-20306afde488b50a0d5da96c5d1db469db2b1c0bea812fcbedeed3407295ab41.pcm -fmodule-map-file=/Applications/Xcode.app/Contents/Developer/Platforms/MacOSX.platform/Developer/SDKs/MacOSX.sdk/System/Library/Frameworks/Foundation.framework/Modules/module.modulemap -fmodule-file=OpenGL=.build/x86_64-apple-macosx/debug/ModuleCache/OpenGL-20306afde488b50a0d5da96c5d1db469db2b1c0bea812fcbedeed3407295ab41.pcm -fmodule-map-file=/Applications/Xcode.app/Contents/Developer/Platforms/MacOSX.platform/Developer/SDKs/MacOSX.sdk/System/Library/Frameworks/OpenGL.framework/Modules/module.modulemap -fmodule-file=AppKit=.build/x86_64-apple-macosx/debug/ModuleCache/AppKit-20306afde488b50a0d5da96c5d1db469db2b1c0bea812fcbedeed3407295ab41.pcm -fmodule-map-file=/Applications/Xcode.app/Contents/Developer/Platforms/MacOSX.platform/Developer/SDKs/MacOSX.sdk/System/Library/Frameworks/AppKit.framework/Modules/module.modulemap -fmodule-file=ColorSync=.build/x86_64-apple-macosx/debug/ModuleCache/ColorSync-20306afde488b50a0d5da96c5d1db469db2b1c0bea812fcbedeed3407295ab41.pcm -fmodule-map-file=/Applications/Xcode.app/Contents/Developer/Platforms/MacOSX.platform/Developer/SDKs/MacOSX.sdk/System/Library/Frameworks/ColorSync.framework/Modules/module.modulemap -fmodule-file=DeveloperToolsSupport=.build/x86_64-apple-macosx/debug/ModuleCache/DeveloperToolsSupport-20306afde488b50a0d5da96c5d1db469db2b1c0bea812fcbedeed3407295ab41.pcm -fmodule-map-file=/Applications/Xcode.app/Contents/Developer/Platforms/MacOSX.platform/Developer/SDKs/MacOSX.sdk/System/Library/Frameworks/DeveloperToolsSupport.framework/Modules/module.modulemap -fmodule-file=MachO=.build/x86_64-apple-macosx/debug/ModuleCache/MachO-20306afde488b50a0d5da96c5d1db469db2b1c0bea812fcbedeed3407295ab41.pcm -fmodule-map-file=/Applications/Xcode.app/Contents/Developer/Platforms/MacOSX.platform/Developer/SDKs/MacOSX.sdk/usr/include/mach-o/module.modulemap -fmodule-file=launch=.build/x86_64-apple-macosx/debug/ModuleCache/launch-20306afde488b50a0d5da96c5d1db469db2b1c0bea812fcbedeed3407295ab41.pcm -fmodule-file=IOSurface=.build/x86_64-apple-macosx/debug/ModuleCache/IOSurface-20306afde488b50a0d5da96c5d1db469db2b1c0bea812fcbedeed3407295ab41.pcm -fmodule-map-file=/Applications/Xcode.app/Contents/Developer/Platforms/MacOSX.platform/Developer/SDKs/MacOSX.sdk/System/Library/Frameworks/IOSurface.framework/Modules/module.modulemap -fmodule-file=ApplicationServices=.build/x86_64-apple-macosx/debug/ModuleCache/ApplicationServices-20306afde488b50a0d5da96c5d1db469db2b1c0bea812fcbedeed3407295ab41.pcm -fmodule-map-file=/Applications/Xcode.app/Contents/Developer/Platforms/MacOSX.platform/Developer/SDKs/MacOSX.sdk/System/Library/Frameworks/ApplicationServices.framework/Modules/module.modulemap -fmodule-file=CoreData=.build/x86_64-apple-macosx/debug/ModuleCache/CoreData-20306afde488b50a0d5da96c5d1db469db2b1c0bea812fcbedeed3407295ab41.pcm -fmodule-map-file=/Applications/Xcode.app/Contents/Developer/Platforms/MacOSX.platform/Developer/SDKs/MacOSX.sdk/System/Library/Frameworks/CoreData.framework/Modules/module.modulemap -fmodule-file=Metal=.build/x86_64-apple-macosx/debug/ModuleCache/Metal-20306afde488b50a0d5da96c5d1db469db2b1c0bea812fcbedeed3407295ab41.pcm -fmodule-map-file=/Applications/Xcode.app/Contents/Developer/Platforms/MacOSX.platform/Developer/SDKs/MacOSX.sdk/System/Library/Frameworks/Metal.framework/Modules/module.modulemap -fmodule-file=SwiftOverlayShims=.build/x86_64-apple-macosx/debug/ModuleCache/SwiftOverlayShims-20306afde488b50a0d5da96c5d1db469db2b1c0bea812fcbedeed3407295ab41.pcm -fmodule-file=CFNetwork=.build/x86_64-apple-macosx/debug/ModuleCache/CFNetwork-20306afde488b50a0d5da96c5d1db469db2b1c0bea812fcbedeed3407295ab41.pcm -fmodule-map-file=/Applications/Xcode.app/Contents/Developer/Platforms/MacOSX.platform/Developer/SDKs/MacOSX.sdk/System/Library/Frameworks/CFNetwork.framework/Modules/module.modulemap -fmodule-file=_Builtin_intrinsics=.build/x86_64-apple-macosx/debug/ModuleCache/_Builtin_intrinsics-20306afde488b50a0d5da96c5d1db469db2b1c0bea812fcbedeed3407295ab41.pcm -fmodule-file=ptrauth=.build/x86_64-apple-macosx/debug/ModuleCache/ptrauth-20306afde488b50a0d5da96c5d1db469db2b1c0bea812fcbedeed3407295ab41.pcm -fmodule-file=libkern=.build/x86_64-apple-macosx/debug/ModuleCache/libkern-20306afde488b50a0d5da96c5d1db469db2b1c0bea812fcbedeed3407295ab41.pcm -fmodule-file=Printer=.build/x86_64-apple-macosx/debug/ModuleCache/Printer-20306afde488b50a0d5da96c5d1db469db2b1c0bea812fcbedeed3407295ab41.pcm -fmodule-map-file=.build/x86_64-apple-macosx/debug/Printer.build/module.modulemap -fmodule-file=CoreVideo=.build/x86_64-apple-macosx/debug/ModuleCache/CoreVideo-20306afde488b50a0d5da96c5d1db469db2b1c0bea812fcbedeed3407295ab41.pcm -fmodule-map-file=/Applications/Xcode.app/Contents/Developer/Platforms/MacOSX.platform/Developer/SDKs/MacOSX.sdk/System/Library/Frameworks/CoreVideo.framework/Modules/module.modulemap -fmodule-file=IOKit=.build/x86_64-apple-macosx/debug/ModuleCache/IOKit-20306afde488b50a0d5da96c5d1db469db2b1c0bea812fcbedeed3407295ab41.pcm -fmodule-map-file=/Applications/Xcode.app/Contents/Developer/Platforms/MacOSX.platform/Developer/SDKs/MacOSX.sdk/System/Library/Frameworks/IOKit.framework/Modules/module.modulemap -fmodule-file=CoreImage=.build/x86_64-apple-macosx/debug/ModuleCache/CoreImage-20306afde488b50a0d5da96c5d1db469db2b1c0bea812fcbedeed3407295ab41.pcm -fmodule-map-file=/Applications/Xcode.app/Contents/Developer/Platforms/MacOSX.platform/Developer/SDKs/MacOSX.sdk/System/Library/Frameworks/CoreImage.framework/Modules/module.modulemap -ISources/Printer/include
(lldb) target create .build/x86_64-apple-macosx/debug/ClassROTPointerAuth
Current executable set to '/Users/ivhernandez13/dev/ClassROTPointerAuth/.build/x86_64-apple-macosx/debug/ClassROTPointerAuth' (x86_64).
(lldb) b sayHello
Breakpoint 1: where = ClassROTPointerAuth`ClassROTPointerAuth.HelloPrinter.sayHello() -> () + 20 at HelloPrinter.swift:11:10, address = 0x0000000100003204
(lldb) r
Process 35243 launched: '/Users/ivhernandez13/dev/ClassROTPointerAuth/.build/x86_64-apple-macosx/debug/ClassROTPointerAuth' (x86_64)
2022-05-20 12:36:28.861189-0400 ClassROTPointerAuth[35243:13318087] SecTaskLoadEntitlements failed error=22 cs_flags=20, pid=35243
2022-05-20 12:36:28.861359-0400 ClassROTPointerAuth[35243:13318087] SecTaskCopyDebugDescription: ClassROTPointerA[35243]/0#-1 LF=0
warning: (x86_64) /Users/ivhernandez13/dev/ClassROTPointerAuth/.build/x86_64-apple-macosx/debug/ClassROTPointerAuth unable to load swift module "ClassROTPointerAuth" (failed to get module "ClassROTPointerAuth" from AST context:
error: class_ro_t pointer authentication was disabled in PCH file but is currently enabled
error: module file .build/x86_64-apple-macosx/debug/ModuleCache/Printer-20306afde488b50a0d5da96c5d1db469db2b1c0bea812fcbedeed3407295ab41.pcm cannot be loaded due to a configuration mismatch with the current compilation
error: class_ro_t pointer authentication was disabled in PCH file but is currently enabled
error: module file .build/x86_64-apple-macosx/debug/ModuleCache/SwiftShims-20306afde488b50a0d5da96c5d1db469db2b1c0bea812fcbedeed3407295ab41.pcm cannot be loaded due to a configuration mismatch with the current compilation
error: class_ro_t pointer authentication was disabled in PCH file but is currently enabled
error: module file .build/x86_64-apple-macosx/debug/ModuleCache/Accessibility-20306afde488b50a0d5da96c5d1db469db2b1c0bea812fcbedeed3407295ab41.pcm cannot be loaded due to a configuration mismatch with the current compilation
error: class_ro_t pointer authentication was disabled in PCH file but is currently enabled
error: module file .build/x86_64-apple-macosx/debug/ModuleCache/Darwin-20306afde488b50a0d5da96c5d1db469db2b1c0bea812fcbedeed3407295ab41.pcm cannot be loaded due to a configuration mismatch with the current compilation
error: module file '.build/x86_64-apple-macosx/debug/ModuleCache/SwiftShims-20306afde488b50a0d5da96c5d1db469db2b1c0bea812fcbedeed3407295ab41.pcm' is out of date and needs to be rebuilt
imported by module 'SwiftOverlayShims' in '.build/x86_64-apple-macosx/debug/ModuleCache/SwiftOverlayShims-20306afde488b50a0d5da96c5d1db469db2b1c0bea812fcbedeed3407295ab41.pcm'
)
Process 35243 stopped
{...}